#! /c/iverilog/bin/vvp
:ivl_version "0.9.7 " "(v0_9_7)";
:vpi_time_precision - 12;
:vpi_module "system";
:vpi_module "v2005_math";
:vpi_module "va_math";
S_011B1B10 .scope module, "cordic_combined_tb" "cordic_combined_tb" 2 3;
 .timescale -9 -12;
P_011A6274 .param/l "CLK_PERIOD" 2 5, +C4<01010>;
P_011A6288 .param/l "FLOAT_SIZE" 2 7, +C4<011000>;
P_011A629C .param/l "INT_SIZE" 2 6, +C4<01000>;
v011ECFE8_0 .var "clk", 0 0;
v011EC960_0 .net "done", 0 0, v011EC150_0; 1 drivers
v011ED098_0 .net/s "mac_x_out", 31 0, v011EC678_0; 1 drivers
v011ECE30_0 .var/s "mac_x_result", 31 0;
v011ED148_0 .net/s "mac_y_out", 31 0, v011EC620_0; 1 drivers
v011ECA68_0 .var/s "mac_y_result", 31 0;
v011ED1A0_0 .var "rst", 0 0;
v011ECF38_0 .var "start", 0 0;
v011ECD28_0 .net/s "tanh_out", 31 0, v001F4650_0; 1 drivers
v011ECAC0_0 .var/s "x_in", 31 0;
v011ECE88_0 .var/s "y_in", 31 0;
v011ECCD0_0 .var/s "z_in", 31 0;
E_011AEDB8 .event edge, v011EC150_0;
E_011AEF18 .event edge, v011EC570_0;
S_011B1290 .scope function, "to_real" "to_real" 2 42, 2 42, S_011B1B10;
 .timescale -9 -12;
v011ED4B8_0 .var/s "fixed", 31 0;
v011ED510_0 .var/real "to_real", 0 0;
TD_cordic_combined_tb.to_real ;
    %vpi_func/r 2 45 "$itor", 4, v011ED4B8_0;
    %loadi/wr 5, 1073741824, 4090; load=1.67772e+007
    %div/wr 4, 5;
    %set/wr v011ED510_0, 4;
    %end;
S_011B1CA8 .scope module, "uut" "cordic_combined" 2 22, 3 1, S_011B1B10;
 .timescale 0 0;
P_011B0EFC .param/l "COMPLETE" 3 22, C4<11>;
P_011B0F10 .param/l "FLOAT_SIZE" 3 4, +C4<011000>;
P_011B0F24 .param/l "IDLE" 3 19, C4<00>;
P_011B0F38 .param/l "INT_SIZE" 3 3, +C4<01000>;
P_011B0F4C .param/l "MAC_ITERATIONS" 3 2, +C4<011000>;
P_011B0F60 .param/l "MAC_PROCESS" 3 20, C4<01>;
P_011B0F74 .param/l "TANH_CYCLES" 3 59, +C4<0110010>;
P_011B0F88 .param/l "TANH_PROCESS" 3 21, C4<10>;
v011EC0F8_0 .net "clk", 0 0, v011ECFE8_0; 1 drivers
v011EC518_0 .var "current_state", 1 0;
v011EC150_0 .var "done", 0 0;
v011EC570_0 .var "mac_complete", 0 0;
v011EC1A8_0 .var "mac_counter", 7 0;
v011ED618_0 .var "mac_rst", 0 0;
v011ED358_0 .alias/s "mac_x_out", 31 0, v011ED098_0;
v011ED720_0 .alias/s "mac_y_out", 31 0, v011ED148_0;
v011ED5C0_0 .var "next_state", 1 0;
v011ED568_0 .net "rst", 0 0, v011ED1A0_0; 1 drivers
v011ED3B0_0 .net "start", 0 0, v011ECF38_0; 1 drivers
v011ED460_0 .var "tanh_counter", 7 0;
v011ED6C8_0 .var "tanh_en", 0 0;
v011ED670_0 .alias/s "tanh_out", 31 0, v011ECD28_0;
v011ED778_0 .net/s "x_in", 31 0, v011ECAC0_0; 1 drivers
v011ED7D0_0 .net/s "y_in", 31 0, v011ECE88_0; 1 drivers
v011ED408_0 .net/s "z_in", 31 0, v011ECCD0_0; 1 drivers
E_011AEF58 .event edge, v011EC518_0, v011ED3B0_0, v011EC570_0, v011ED460_0;
E_011AEFD8 .event posedge, v011ED568_0, v011ADEB0_0;
S_011B1A00 .scope module, "mac_inst" "cordic_linear_mode" 3 35, 4 1, S_011B1CA8;
 .timescale -9 -12;
P_011AF13C .param/l "ITERATIONS" 4 2, +C4<011000>;
v011EC5C8_0 .alias "clk", 0 0, v011EC0F8_0;
v011EC728_0 .var/i "i", 31 0;
v011EC048_0 .net "rst", 0 0, v011ED618_0; 1 drivers
v011EC258_0 .var/s "x", 31 0;
v011EC2B0_0 .alias/s "x_in", 31 0, v011ED778_0;
v011EC678_0 .var/s "x_out", 31 0;
v011EC780_0 .var/s "y", 31 0;
v011EC0A0_0 .alias/s "y_in", 31 0, v011ED7D0_0;
v011EC620_0 .var/s "y_out", 31 0;
v011EC308_0 .var/s "z", 31 0;
v011EC468_0 .alias/s "z_in", 31 0, v011ED408_0;
E_011AF1D8 .event posedge, v011EC048_0, v011ADEB0_0;
S_011B1180 .scope module, "tanh_inst" "cordictanh" 3 46, 5 1, S_011B1CA8;
 .timescale -9 -12;
P_011A6394 .param/l "FLOAT_SIZE" 5 2, +C4<011000>;
P_011A63A8 .param/l "INT_SIZE" 5 3, +C4<01000>;
P_011A63BC .param/l "MAX_ITERATION_DIV" 5 10, +C4<011111>;
v011AB018_0 .alias "CLK", 0 0, v011EC0F8_0;
v011AB070_0 .net "EN", 0 0, v011ED6C8_0; 1 drivers
v0119D328_0 .var "IS_FIRST13", 0 0;
v0119D380_0 .var "IS_FIRST4", 0 0;
v0119D3D8_0 .var "IS_Z_ZERO", 0 0;
v011A9250_0 .net/s "Z_UPDATE", 7 -24, v011AAFC0_0; 1 drivers
v011A92A8_0 .var "div_en", 0 0;
v011EC410_0 .var/s "i", 4 0;
v011EC6D0_0 .alias/s "out", 7 -24, v011ECD28_0;
v011EC3B8_0 .var/s "x_", 7 -24;
v011EC200_0 .var/s "y_", 7 -24;
v011EC4C0_0 .alias/s "z", 7 -24, v011ED148_0;
v011EC360_0 .var/s "z_", 7 -24;
S_011B1FD8 .scope module, "LOOKUP" "atanh_LOOKUP" 5 16, 6 1, S_011B1180;
 .timescale -9 -12;
P_011ACE0C .param/l "FLOAT_SIZE" 6 2, +C4<011000>;
P_011ACE20 .param/l "INT_SIZE" 6 3, +C4<01000>;
v011A1960_0 .net/s "index", 4 0, v011EC410_0; 1 drivers
v011AAFC0_0 .var/s "value", 7 -24;
E_011AF0D8 .event edge, v011A1960_0;
S_011B1208 .scope module, "divider" "cordicdiv" 5 94, 7 1, S_011B1180;
 .timescale -9 -12;
P_011A6A54 .param/l "FLOAT_SIZE" 7 2, +C4<011000>;
P_011A6A68 .param/l "INT_SIZE" 7 3, +C4<01000>;
P_011A6A7C .param/l "MAX_ITERATION" 7 11, +C4<011001>;
v011ADEB0_0 .alias "CLK", 0 0, v011EC0F8_0;
v001FBB50_0 .net "EN", 0 0, v011A92A8_0; 1 drivers
v001F45F8_0 .var "i", 4 0;
v001F4650_0 .var/s "out", 7 -24;
v0118F598_0 .net/s "x", 7 -24, v011EC3B8_0; 1 drivers
v0118F5F0_0 .net/s "y", 7 -24, v011EC200_0; 1 drivers
v011A18B0_0 .var/s "y_", 7 -24;
v011A1908_0 .var/s "z_", 7 -24;
E_011AF158 .event posedge, v011ADEB0_0;
    .scope S_011B1A00;
T_1 ;
    %wait E_011AF1D8;
    %load/v 8, v011EC048_0, 1;
    %jmp/0xz  T_1.0, 8;
    %load/v 8, v011EC2B0_0, 32;
    %ix/load 0, 32, 0;
    %assign/v0 v011EC258_0, 0, 8;
    %load/v 8, v011EC0A0_0, 32;
    %ix/load 0, 32, 0;
    %assign/v0 v011EC780_0, 0, 8;
    %load/v 8, v011EC468_0, 32;
    %ix/load 0, 32, 0;
    %assign/v0 v011EC308_0, 0, 8;
    %ix/load 0, 32, 0;
    %assign/v0 v011EC678_0, 0, 0;
    %ix/load 0, 32, 0;
    %assign/v0 v011EC620_0, 0, 0;
    %set/v v011EC728_0, 0, 32;
    %jmp T_1.1;
T_1.0 ;
    %load/v 8, v011EC728_0, 32;
   %cmpi/s 8, 24, 32;
    %jmp/0xz  T_1.2, 5;
    %ix/load 1, 31, 0;
    %mov 4, 0, 1;
    %jmp/1 T_1.4, 4;
    %load/x1p 10, v011EC308_0, 1;
    %jmp T_1.5;
T_1.4 ;
    %mov 10, 2, 1;
T_1.5 ;
    %mov 8, 10, 1; Move signal select into place
    %mov 9, 0, 1;
    %cmpi/u 8, 0, 2;
    %jmp/0xz  T_1.6, 4;
    %load/v 8, v011EC258_0, 32;
    %ix/load 0, 32, 0;
    %assign/v0 v011EC258_0, 0, 8;
    %load/v 8, v011EC780_0, 32;
    %load/v 40, v011EC258_0, 32;
    %load/v 72, v011EC728_0, 32;
    %ix/get 0, 72, 32;
    %shiftr/s/i0  40, 32;
    %add 8, 40, 32;
    %ix/load 0, 32, 0;
    %assign/v0 v011EC780_0, 0, 8;
    %load/v 8, v011EC308_0, 32;
    %movi 40, 1, 32;
    %movi 72, 24, 32;
    %load/v 104, v011EC728_0, 32;
    %sub 72, 104, 32;
    %ix/get/s 0, 72, 32;
    %shiftl/i0  40, 32;
    %sub 8, 40, 32;
    %ix/load 0, 32, 0;
    %assign/v0 v011EC308_0, 0, 8;
    %jmp T_1.7;
T_1.6 ;
    %load/v 8, v011EC258_0, 32;
    %ix/load 0, 32, 0;
    %assign/v0 v011EC258_0, 0, 8;
    %load/v 8, v011EC780_0, 32;
    %load/v 40, v011EC258_0, 32;
    %load/v 72, v011EC728_0, 32;
    %ix/get 0, 72, 32;
    %shiftr/s/i0  40, 32;
    %sub 8, 40, 32;
    %ix/load 0, 32, 0;
    %assign/v0 v011EC780_0, 0, 8;
    %load/v 8, v011EC308_0, 32;
    %movi 40, 1, 32;
    %movi 72, 24, 32;
    %load/v 104, v011EC728_0, 32;
    %sub 72, 104, 32;
    %ix/get/s 0, 72, 32;
    %shiftl/i0  40, 32;
    %add 8, 40, 32;
    %ix/load 0, 32, 0;
    %assign/v0 v011EC308_0, 0, 8;
T_1.7 ;
    %load/v 8, v011EC728_0, 32;
    %mov 40, 39, 1;
    %addi 8, 1, 33;
    %set/v v011EC728_0, 8, 32;
T_1.2 ;
    %load/v 8, v011EC258_0, 32;
    %ix/load 0, 32, 0;
    %assign/v0 v011EC678_0, 0, 8;
    %load/v 8, v011EC780_0, 32;
    %ix/load 0, 32, 0;
    %assign/v0 v011EC620_0, 0, 8;
T_1.1 ;
    %jmp T_1;
    .thread T_1;
    .scope S_011B1FD8;
T_2 ;
    %wait E_011AF0D8;
    %load/v 8, v011A1960_0, 5;
    %movi 13, 29, 5;
    %cmp/u 8, 13, 5;
    %jmp/1 T_2.0, 6;
    %movi 18, 30, 5;
    %cmp/u 8, 18, 5;
    %jmp/1 T_2.1, 6;
    %cmp/u 8, 1, 5;
    %jmp/1 T_2.2, 6;
    %cmpi/u 8, 0, 5;
    %jmp/1 T_2.3, 6;
    %cmpi/u 8, 1, 5;
    %jmp/1 T_2.4, 6;
    %cmpi/u 8, 2, 5;
    %jmp/1 T_2.5, 6;
    %cmpi/u 8, 3, 5;
    %jmp/1 T_2.6, 6;
    %cmpi/u 8, 4, 5;
    %jmp/1 T_2.7, 6;
    %cmpi/u 8, 5, 5;
    %jmp/1 T_2.8, 6;
    %cmpi/u 8, 6, 5;
    %jmp/1 T_2.9, 6;
    %cmpi/u 8, 7, 5;
    %jmp/1 T_2.10, 6;
    %cmpi/u 8, 8, 5;
    %jmp/1 T_2.11, 6;
    %cmpi/u 8, 9, 5;
    %jmp/1 T_2.12, 6;
    %cmpi/u 8, 10, 5;
    %jmp/1 T_2.13, 6;
    %cmpi/u 8, 11, 5;
    %jmp/1 T_2.14, 6;
    %cmpi/u 8, 12, 5;
    %jmp/1 T_2.15, 6;
    %cmpi/u 8, 13, 5;
    %jmp/1 T_2.16, 6;
    %set/v v011AAFC0_0, 0, 32;
    %jmp T_2.18;
T_2.0 ;
    %movi 8, 34755133, 32;
    %set/v v011AAFC0_0, 8, 32;
    %jmp T_2.18;
T_2.1 ;
    %movi 8, 28806373, 32;
    %set/v v011AAFC0_0, 8, 32;
    %jmp T_2.18;
T_2.2 ;
    %movi 8, 22716772, 32;
    %set/v v011AAFC0_0, 8, 32;
    %jmp T_2.18;
T_2.3 ;
    %movi 8, 16323477, 32;
    %set/v v011AAFC0_0, 8, 32;
    %jmp T_2.18;
T_2.4 ;
    %movi 8, 9215828, 32;
    %set/v v011AAFC0_0, 8, 32;
    %jmp T_2.18;
T_2.5 ;
    %movi 8, 4285116, 32;
    %set/v v011AAFC0_0, 8, 32;
    %jmp T_2.18;
T_2.6 ;
    %movi 8, 2108178, 32;
    %set/v v011AAFC0_0, 8, 32;
    %jmp T_2.18;
T_2.7 ;
    %movi 8, 1049945, 32;
    %set/v v011AAFC0_0, 8, 32;
    %jmp T_2.18;
T_2.8 ;
    %movi 8, 524459, 32;
    %set/v v011AAFC0_0, 8, 32;
    %jmp T_2.18;
T_2.9 ;
    %movi 8, 262165, 32;
    %set/v v011AAFC0_0, 8, 32;
    %jmp T_2.18;
T_2.10 ;
    %movi 8, 131075, 32;
    %set/v v011AAFC0_0, 8, 32;
    %jmp T_2.18;
T_2.11 ;
    %movi 8, 65536, 32;
    %set/v v011AAFC0_0, 8, 32;
    %jmp T_2.18;
T_2.12 ;
    %movi 8, 32768, 32;
    %set/v v011AAFC0_0, 8, 32;
    %jmp T_2.18;
T_2.13 ;
    %movi 8, 16384, 32;
    %set/v v011AAFC0_0, 8, 32;
    %jmp T_2.18;
T_2.14 ;
    %movi 8, 8192, 32;
    %set/v v011AAFC0_0, 8, 32;
    %jmp T_2.18;
T_2.15 ;
    %movi 8, 4096, 32;
    %set/v v011AAFC0_0, 8, 32;
    %jmp T_2.18;
T_2.16 ;
    %movi 8, 2048, 32;
    %set/v v011AAFC0_0, 8, 32;
    %jmp T_2.18;
T_2.18 ;
    %jmp T_2;
    .thread T_2, $push;
    .scope S_011B1208;
T_3 ;
    %wait E_011AF158;
    %load/v 8, v001FBB50_0, 1;
    %jmp/0xz  T_3.0, 8;
    %ix/load 0, 32, 0;
    %assign/v0 v001F4650_0, 0, 0;
    %ix/load 0, 32, 0;
    %assign/v0 v011A1908_0, 0, 0;
    %load/v 8, v0118F5F0_0, 32;
    %ix/load 0, 32, 0;
    %assign/v0 v011A18B0_0, 0, 8;
    %ix/load 0, 5, 0;
    %assign/v0 v001F45F8_0, 0, 0;
    %jmp T_3.1;
T_3.0 ;
    %load/v 8, v001F45F8_0, 5;
    %mov 13, 0, 2;
   %cmpi/u 8, 25, 7;
    %mov 8, 5, 1;
    %load/v 9, v011A18B0_0, 32;
    %or/r 9, 9, 32;
    %and 8, 9, 1;
    %jmp/0xz  T_3.2, 8;
    %ix/load 1, 31, 0;
    %mov 4, 0, 1;
    %jmp/1 T_3.7, 4;
    %load/x1p 8, v011A18B0_0, 1;
    %jmp T_3.8;
T_3.7 ;
    %mov 8, 2, 1;
T_3.8 ;
; Save base=8 wid=1 in lookaside.
    %jmp/0  T_3.4, 8;
    %load/v 9, v011A18B0_0, 32;
    %load/v 41, v0118F598_0, 32;
    %load/v 73, v001F45F8_0, 5;
    %ix/get 0, 73, 5;
    %shiftr/s/i0  41, 32;
    %add 9, 41, 32;
    %jmp/1  T_3.6, 8;
T_3.4 ; End of true expr.
    %load/v 41, v011A18B0_0, 32;
    %load/v 73, v0118F598_0, 32;
    %load/v 105, v001F45F8_0, 5;
    %ix/get 0, 105, 5;
    %shiftr/s/i0  73, 32;
    %sub 41, 73, 32;
    %jmp/0  T_3.5, 8;
 ; End of false expr.
    %blend  9, 41, 32; Condition unknown.
    %jmp  T_3.6;
T_3.5 ;
    %mov 9, 41, 32; Return false value
T_3.6 ;
    %ix/load 0, 32, 0;
    %assign/v0 v011A18B0_0, 0, 9;
    %ix/load 1, 31, 0;
    %mov 4, 0, 1;
    %jmp/1 T_3.12, 4;
    %load/x1p 8, v011A18B0_0, 1;
    %jmp T_3.13;
T_3.12 ;
    %mov 8, 2, 1;
T_3.13 ;
; Save base=8 wid=1 in lookaside.
    %jmp/0  T_3.9, 8;
    %load/v 9, v011A1908_0, 32;
    %movi 41, 16777216, 32;
    %load/v 73, v001F45F8_0, 5;
    %ix/get 0, 73, 5;
    %shiftr/i0  41, 32;
    %sub 9, 41, 32;
    %jmp/1  T_3.11, 8;
T_3.9 ; End of true expr.
    %load/v 41, v011A1908_0, 32;
    %movi 73, 16777216, 32;
    %load/v 105, v001F45F8_0, 5;
    %ix/get 0, 105, 5;
    %shiftr/i0  73, 32;
    %add 41, 73, 32;
    %jmp/0  T_3.10, 8;
 ; End of false expr.
    %blend  9, 41, 32; Condition unknown.
    %jmp  T_3.11;
T_3.10 ;
    %mov 9, 41, 32; Return false value
T_3.11 ;
    %ix/load 0, 32, 0;
    %assign/v0 v011A1908_0, 0, 9;
    %load/v 8, v001F45F8_0, 5;
    %mov 13, 0, 27;
    %addi 8, 1, 32;
    %ix/load 0, 5, 0;
    %assign/v0 v001F45F8_0, 0, 8;
T_3.2 ;
    %load/v 8, v011A1908_0, 32;
    %ix/load 0, 32, 0;
    %assign/v0 v001F4650_0, 0, 8;
T_3.1 ;
    %jmp T_3;
    .thread T_3;
    .scope S_011B1180;
T_4 ;
    %wait E_011AF158;
    %load/v 8, v011AB070_0, 1;
    %jmp/0xz  T_4.0, 8;
    %movi 8, 16777216, 32;
    %ix/load 0, 32, 0;
    %assign/v0 v011EC3B8_0, 0, 8;
    %ix/load 0, 32, 0;
    %assign/v0 v011EC200_0, 0, 0;
    %load/v 8, v011EC4C0_0, 32;
    %ix/load 0, 32, 0;
    %assign/v0 v011EC360_0, 0, 8;
    %movi 8, 29, 5;
    %ix/load 0, 5, 0;
    %assign/v0 v011EC410_0, 0, 8;
    %ix/load 0, 1, 0;
    %assign/v0 v011A92A8_0, 0, 0;
    %ix/load 0, 1, 0;
    %assign/v0 v0119D380_0, 0, 1;
    %ix/load 0, 1, 0;
    %assign/v0 v0119D328_0, 0, 1;
    %ix/load 0, 1, 0;
    %assign/v0 v0119D3D8_0, 0, 0;
    %jmp T_4.1;
T_4.0 ;
    %load/v 8, v011EC360_0, 32;
    %or/r 8, 8, 32;
    %jmp/0xz  T_4.2, 8;
    %ix/load 1, 31, 0;
    %mov 4, 0, 1;
    %jmp/1 T_4.7, 4;
    %load/x1p 8, v011EC360_0, 1;
    %jmp T_4.8;
T_4.7 ;
    %mov 8, 2, 1;
T_4.8 ;
; Save base=8 wid=1 in lookaside.
    %jmp/0  T_4.4, 8;
    %load/v 9, v011EC360_0, 32;
    %load/v 41, v011A9250_0, 32;
    %add 9, 41, 32;
    %jmp/1  T_4.6, 8;
T_4.4 ; End of true expr.
    %load/v 41, v011EC360_0, 32;
    %load/v 73, v011A9250_0, 32;
    %sub 41, 73, 32;
    %jmp/0  T_4.5, 8;
 ; End of false expr.
    %blend  9, 41, 32; Condition unknown.
    %jmp  T_4.6;
T_4.5 ;
    %mov 9, 41, 32; Return false value
T_4.6 ;
    %ix/load 0, 32, 0;
    %assign/v0 v011EC360_0, 0, 9;
    %load/v 8, v011EC410_0, 5;
    %mov 13, 12, 1;
   %cmpi/s 8, 1, 6;
    %jmp/0xz  T_4.9, 5;
    %ix/load 1, 31, 0;
    %mov 4, 0, 1;
    %jmp/1 T_4.14, 4;
    %load/x1p 8, v011EC360_0, 1;
    %jmp T_4.15;
T_4.14 ;
    %mov 8, 2, 1;
T_4.15 ;
; Save base=8 wid=1 in lookaside.
    %jmp/0  T_4.11, 8;
    %load/v 9, v011EC3B8_0, 32;
    %load/v 41, v011EC200_0, 32;
    %sub 9, 41, 32;
    %load/v 41, v011EC200_0, 32;
    %load/v 73, v011EC410_0, 5;
    %mov 78, 77, 1;
    %mov 79, 77, 1;
    %mov 80, 77, 1;
    %mov 81, 77, 1;
    %mov 82, 77, 1;
    %mov 83, 77, 1;
    %mov 84, 77, 1;
    %mov 85, 77, 1;
    %mov 86, 77, 1;
    %mov 87, 77, 1;
    %mov 88, 77, 1;
    %mov 89, 77, 1;
    %mov 90, 77, 1;
    %mov 91, 77, 1;
    %mov 92, 77, 1;
    %mov 93, 77, 1;
    %mov 94, 77, 1;
    %mov 95, 77, 1;
    %mov 96, 77, 1;
    %mov 97, 77, 1;
    %mov 98, 77, 1;
    %mov 99, 77, 1;
    %mov 100, 77, 1;
    %mov 101, 77, 1;
    %mov 102, 77, 1;
    %mov 103, 77, 1;
    %mov 104, 77, 1;
    %subi 73, 2, 32;
    %inv 73, 32;
    %addi 73, 1, 32;
    %ix/get 0, 73, 32;
    %shiftr/s/i0  41, 32;
    %add 9, 41, 32;
    %jmp/1  T_4.13, 8;
T_4.11 ; End of true expr.
    %load/v 41, v011EC3B8_0, 32;
    %load/v 73, v011EC200_0, 32;
    %add 41, 73, 32;
    %load/v 73, v011EC200_0, 32;
    %load/v 105, v011EC410_0, 5;
    %mov 110, 109, 1;
    %mov 111, 109, 1;
    %mov 112, 109, 1;
    %mov 113, 109, 1;
    %mov 114, 109, 1;
    %mov 115, 109, 1;
    %mov 116, 109, 1;
    %mov 117, 109, 1;
    %mov 118, 109, 1;
    %mov 119, 109, 1;
    %mov 120, 109, 1;
    %mov 121, 109, 1;
    %mov 122, 109, 1;
    %mov 123, 109, 1;
    %mov 124, 109, 1;
    %mov 125, 109, 1;
    %mov 126, 109, 1;
    %mov 127, 109, 1;
    %mov 128, 109, 1;
    %mov 129, 109, 1;
    %mov 130, 109, 1;
    %mov 131, 109, 1;
    %mov 132, 109, 1;
    %mov 133, 109, 1;
    %mov 134, 109, 1;
    %mov 135, 109, 1;
    %mov 136, 109, 1;
    %subi 105, 2, 32;
    %inv 105, 32;
    %addi 105, 1, 32;
    %ix/get 0, 105, 32;
    %shiftr/s/i0  73, 32;
    %sub 41, 73, 32;
    %jmp/0  T_4.12, 8;
 ; End of false expr.
    %blend  9, 41, 32; Condition unknown.
    %jmp  T_4.13;
T_4.12 ;
    %mov 9, 41, 32; Return false value
T_4.13 ;
    %ix/load 0, 32, 0;
    %assign/v0 v011EC3B8_0, 0, 9;
    %ix/load 1, 31, 0;
    %mov 4, 0, 1;
    %jmp/1 T_4.19, 4;
    %load/x1p 8, v011EC360_0, 1;
    %jmp T_4.20;
T_4.19 ;
    %mov 8, 2, 1;
T_4.20 ;
; Save base=8 wid=1 in lookaside.
    %jmp/0  T_4.16, 8;
    %load/v 9, v011EC200_0, 32;
    %load/v 41, v011EC3B8_0, 32;
    %sub 9, 41, 32;
    %load/v 41, v011EC3B8_0, 32;
    %load/v 73, v011EC410_0, 5;
    %mov 78, 77, 1;
    %mov 79, 77, 1;
    %mov 80, 77, 1;
    %mov 81, 77, 1;
    %mov 82, 77, 1;
    %mov 83, 77, 1;
    %mov 84, 77, 1;
    %mov 85, 77, 1;
    %mov 86, 77, 1;
    %mov 87, 77, 1;
    %mov 88, 77, 1;
    %mov 89, 77, 1;
    %mov 90, 77, 1;
    %mov 91, 77, 1;
    %mov 92, 77, 1;
    %mov 93, 77, 1;
    %mov 94, 77, 1;
    %mov 95, 77, 1;
    %mov 96, 77, 1;
    %mov 97, 77, 1;
    %mov 98, 77, 1;
    %mov 99, 77, 1;
    %mov 100, 77, 1;
    %mov 101, 77, 1;
    %mov 102, 77, 1;
    %mov 103, 77, 1;
    %mov 104, 77, 1;
    %subi 73, 2, 32;
    %inv 73, 32;
    %addi 73, 1, 32;
    %ix/get 0, 73, 32;
    %shiftr/s/i0  41, 32;
    %add 9, 41, 32;
    %jmp/1  T_4.18, 8;
T_4.16 ; End of true expr.
    %load/v 41, v011EC200_0, 32;
    %load/v 73, v011EC3B8_0, 32;
    %add 41, 73, 32;
    %load/v 73, v011EC3B8_0, 32;
    %load/v 105, v011EC410_0, 5;
    %mov 110, 109, 1;
    %mov 111, 109, 1;
    %mov 112, 109, 1;
    %mov 113, 109, 1;
    %mov 114, 109, 1;
    %mov 115, 109, 1;
    %mov 116, 109, 1;
    %mov 117, 109, 1;
    %mov 118, 109, 1;
    %mov 119, 109, 1;
    %mov 120, 109, 1;
    %mov 121, 109, 1;
    %mov 122, 109, 1;
    %mov 123, 109, 1;
    %mov 124, 109, 1;
    %mov 125, 109, 1;
    %mov 126, 109, 1;
    %mov 127, 109, 1;
    %mov 128, 109, 1;
    %mov 129, 109, 1;
    %mov 130, 109, 1;
    %mov 131, 109, 1;
    %mov 132, 109, 1;
    %mov 133, 109, 1;
    %mov 134, 109, 1;
    %mov 135, 109, 1;
    %mov 136, 109, 1;
    %subi 105, 2, 32;
    %inv 105, 32;
    %addi 105, 1, 32;
    %ix/get 0, 105, 32;
    %shiftr/s/i0  73, 32;
    %sub 41, 73, 32;
    %jmp/0  T_4.17, 8;
 ; End of false expr.
    %blend  9, 41, 32; Condition unknown.
    %jmp  T_4.18;
T_4.17 ;
    %mov 9, 41, 32; Return false value
T_4.18 ;
    %ix/load 0, 32, 0;
    %assign/v0 v011EC200_0, 0, 9;
    %load/v 8, v011EC410_0, 5;
    %mov 13, 12, 1;
    %mov 14, 12, 1;
    %mov 15, 12, 1;
    %mov 16, 12, 1;
    %mov 17, 12, 1;
    %mov 18, 12, 1;
    %mov 19, 12, 1;
    %mov 20, 12, 1;
    %mov 21, 12, 1;
    %mov 22, 12, 1;
    %mov 23, 12, 1;
    %mov 24, 12, 1;
    %mov 25, 12, 1;
    %mov 26, 12, 1;
    %mov 27, 12, 1;
    %mov 28, 12, 1;
    %mov 29, 12, 1;
    %mov 30, 12, 1;
    %mov 31, 12, 1;
    %mov 32, 12, 1;
    %mov 33, 12, 1;
    %mov 34, 12, 1;
    %mov 35, 12, 1;
    %mov 36, 12, 1;
    %mov 37, 12, 1;
    %mov 38, 12, 1;
    %mov 39, 12, 1;
    %addi 8, 1, 32;
    %ix/load 0, 5, 0;
    %assign/v0 v011EC410_0, 0, 8;
    %jmp T_4.10;
T_4.9 ;
    %load/v 8, v011EC410_0, 5;
    %mov 13, 12, 1;
    %cmpi/u 8, 4, 6;
    %jmp/0xz  T_4.21, 4;
    %ix/load 1, 31, 0;
    %mov 4, 0, 1;
    %jmp/1 T_4.26, 4;
    %load/x1p 8, v011EC360_0, 1;
    %jmp T_4.27;
T_4.26 ;
    %mov 8, 2, 1;
T_4.27 ;
; Save base=8 wid=1 in lookaside.
    %jmp/0  T_4.23, 8;
    %load/v 9, v011EC3B8_0, 32;
    %load/v 41, v011EC200_0, 32;
    %load/v 73, v011EC410_0, 5;
    %ix/get 0, 73, 5;
    %shiftr/s/i0  41, 32;
    %sub 9, 41, 32;
    %jmp/1  T_4.25, 8;
T_4.23 ; End of true expr.
    %load/v 41, v011EC3B8_0, 32;
    %load/v 73, v011EC200_0, 32;
    %load/v 105, v011EC410_0, 5;
    %ix/get 0, 105, 5;
    %shiftr/s/i0  73, 32;
    %add 41, 73, 32;
    %jmp/0  T_4.24, 8;
 ; End of false expr.
    %blend  9, 41, 32; Condition unknown.
    %jmp  T_4.25;
T_4.24 ;
    %mov 9, 41, 32; Return false value
T_4.25 ;
    %ix/load 0, 32, 0;
    %assign/v0 v011EC3B8_0, 0, 9;
    %ix/load 1, 31, 0;
    %mov 4, 0, 1;
    %jmp/1 T_4.31, 4;
    %load/x1p 8, v011EC360_0, 1;
    %jmp T_4.32;
T_4.31 ;
    %mov 8, 2, 1;
T_4.32 ;
; Save base=8 wid=1 in lookaside.
    %jmp/0  T_4.28, 8;
    %load/v 9, v011EC200_0, 32;
    %load/v 41, v011EC3B8_0, 32;
    %load/v 73, v011EC410_0, 5;
    %ix/get 0, 73, 5;
    %shiftr/s/i0  41, 32;
    %sub 9, 41, 32;
    %jmp/1  T_4.30, 8;
T_4.28 ; End of true expr.
    %load/v 41, v011EC200_0, 32;
    %load/v 73, v011EC3B8_0, 32;
    %load/v 105, v011EC410_0, 5;
    %ix/get 0, 105, 5;
    %shiftr/s/i0  73, 32;
    %add 41, 73, 32;
    %jmp/0  T_4.29, 8;
 ; End of false expr.
    %blend  9, 41, 32; Condition unknown.
    %jmp  T_4.30;
T_4.29 ;
    %mov 9, 41, 32; Return false value
T_4.30 ;
    %ix/load 0, 32, 0;
    %assign/v0 v011EC200_0, 0, 9;
    %load/v 8, v0119D380_0, 1;
    %jmp/0xz  T_4.33, 8;
    %ix/load 0, 1, 0;
    %assign/v0 v0119D380_0, 0, 0;
    %jmp T_4.34;
T_4.33 ;
    %load/v 8, v011EC410_0, 5;
    %mov 13, 12, 1;
    %mov 14, 12, 1;
    %mov 15, 12, 1;
    %mov 16, 12, 1;
    %mov 17, 12, 1;
    %mov 18, 12, 1;
    %mov 19, 12, 1;
    %mov 20, 12, 1;
    %mov 21, 12, 1;
    %mov 22, 12, 1;
    %mov 23, 12, 1;
    %mov 24, 12, 1;
    %mov 25, 12, 1;
    %mov 26, 12, 1;
    %mov 27, 12, 1;
    %mov 28, 12, 1;
    %mov 29, 12, 1;
    %mov 30, 12, 1;
    %mov 31, 12, 1;
    %mov 32, 12, 1;
    %mov 33, 12, 1;
    %mov 34, 12, 1;
    %mov 35, 12, 1;
    %mov 36, 12, 1;
    %mov 37, 12, 1;
    %mov 38, 12, 1;
    %mov 39, 12, 1;
    %addi 8, 1, 32;
    %ix/load 0, 5, 0;
    %assign/v0 v011EC410_0, 0, 8;
T_4.34 ;
    %jmp T_4.22;
T_4.21 ;
    %load/v 8, v011EC410_0, 5;
    %mov 13, 12, 1;
    %cmpi/u 8, 13, 6;
    %jmp/0xz  T_4.35, 4;
    %ix/load 1, 31, 0;
    %mov 4, 0, 1;
    %jmp/1 T_4.40, 4;
    %load/x1p 8, v011EC360_0, 1;
    %jmp T_4.41;
T_4.40 ;
    %mov 8, 2, 1;
T_4.41 ;
; Save base=8 wid=1 in lookaside.
    %jmp/0  T_4.37, 8;
    %load/v 9, v011EC3B8_0, 32;
    %load/v 41, v011EC200_0, 32;
    %load/v 73, v011EC410_0, 5;
    %ix/get 0, 73, 5;
    %shiftr/s/i0  41, 32;
    %sub 9, 41, 32;
    %jmp/1  T_4.39, 8;
T_4.37 ; End of true expr.
    %load/v 41, v011EC3B8_0, 32;
    %load/v 73, v011EC200_0, 32;
    %load/v 105, v011EC410_0, 5;
    %ix/get 0, 105, 5;
    %shiftr/s/i0  73, 32;
    %add 41, 73, 32;
    %jmp/0  T_4.38, 8;
 ; End of false expr.
    %blend  9, 41, 32; Condition unknown.
    %jmp  T_4.39;
T_4.38 ;
    %mov 9, 41, 32; Return false value
T_4.39 ;
    %ix/load 0, 32, 0;
    %assign/v0 v011EC3B8_0, 0, 9;
    %ix/load 1, 31, 0;
    %mov 4, 0, 1;
    %jmp/1 T_4.45, 4;
    %load/x1p 8, v011EC360_0, 1;
    %jmp T_4.46;
T_4.45 ;
    %mov 8, 2, 1;
T_4.46 ;
; Save base=8 wid=1 in lookaside.
    %jmp/0  T_4.42, 8;
    %load/v 9, v011EC200_0, 32;
    %load/v 41, v011EC3B8_0, 32;
    %load/v 73, v011EC410_0, 5;
    %ix/get 0, 73, 5;
    %shiftr/s/i0  41, 32;
    %sub 9, 41, 32;
    %jmp/1  T_4.44, 8;
T_4.42 ; End of true expr.
    %load/v 41, v011EC200_0, 32;
    %load/v 73, v011EC3B8_0, 32;
    %load/v 105, v011EC410_0, 5;
    %ix/get 0, 105, 5;
    %shiftr/s/i0  73, 32;
    %add 41, 73, 32;
    %jmp/0  T_4.43, 8;
 ; End of false expr.
    %blend  9, 41, 32; Condition unknown.
    %jmp  T_4.44;
T_4.43 ;
    %mov 9, 41, 32; Return false value
T_4.44 ;
    %ix/load 0, 32, 0;
    %assign/v0 v011EC200_0, 0, 9;
    %load/v 8, v0119D328_0, 1;
    %jmp/0xz  T_4.47, 8;
    %ix/load 0, 1, 0;
    %assign/v0 v0119D328_0, 0, 0;
    %jmp T_4.48;
T_4.47 ;
    %load/v 8, v011EC410_0, 5;
    %mov 13, 12, 1;
    %mov 14, 12, 1;
    %mov 15, 12, 1;
    %mov 16, 12, 1;
    %mov 17, 12, 1;
    %mov 18, 12, 1;
    %mov 19, 12, 1;
    %mov 20, 12, 1;
    %mov 21, 12, 1;
    %mov 22, 12, 1;
    %mov 23, 12, 1;
    %mov 24, 12, 1;
    %mov 25, 12, 1;
    %mov 26, 12, 1;
    %mov 27, 12, 1;
    %mov 28, 12, 1;
    %mov 29, 12, 1;
    %mov 30, 12, 1;
    %mov 31, 12, 1;
    %mov 32, 12, 1;
    %mov 33, 12, 1;
    %mov 34, 12, 1;
    %mov 35, 12, 1;
    %mov 36, 12, 1;
    %mov 37, 12, 1;
    %mov 38, 12, 1;
    %mov 39, 12, 1;
    %addi 8, 1, 32;
    %ix/load 0, 5, 0;
    %assign/v0 v011EC410_0, 0, 8;
T_4.48 ;
    %jmp T_4.36;
T_4.35 ;
    %load/v 8, v011EC410_0, 5;
    %mov 13, 12, 1;
   %cmpi/s 8, 14, 6;
    %jmp/0xz  T_4.49, 5;
    %ix/load 1, 31, 0;
    %mov 4, 0, 1;
    %jmp/1 T_4.54, 4;
    %load/x1p 8, v011EC360_0, 1;
    %jmp T_4.55;
T_4.54 ;
    %mov 8, 2, 1;
T_4.55 ;
; Save base=8 wid=1 in lookaside.
    %jmp/0  T_4.51, 8;
    %load/v 9, v011EC3B8_0, 32;
    %load/v 41, v011EC200_0, 32;
    %load/v 73, v011EC410_0, 5;
    %ix/get 0, 73, 5;
    %shiftr/s/i0  41, 32;
    %sub 9, 41, 32;
    %jmp/1  T_4.53, 8;
T_4.51 ; End of true expr.
    %load/v 41, v011EC3B8_0, 32;
    %load/v 73, v011EC200_0, 32;
    %load/v 105, v011EC410_0, 5;
    %ix/get 0, 105, 5;
    %shiftr/s/i0  73, 32;
    %add 41, 73, 32;
    %jmp/0  T_4.52, 8;
 ; End of false expr.
    %blend  9, 41, 32; Condition unknown.
    %jmp  T_4.53;
T_4.52 ;
    %mov 9, 41, 32; Return false value
T_4.53 ;
    %ix/load 0, 32, 0;
    %assign/v0 v011EC3B8_0, 0, 9;
    %ix/load 1, 31, 0;
    %mov 4, 0, 1;
    %jmp/1 T_4.59, 4;
    %load/x1p 8, v011EC360_0, 1;
    %jmp T_4.60;
T_4.59 ;
    %mov 8, 2, 1;
T_4.60 ;
; Save base=8 wid=1 in lookaside.
    %jmp/0  T_4.56, 8;
    %load/v 9, v011EC200_0, 32;
    %load/v 41, v011EC3B8_0, 32;
    %load/v 73, v011EC410_0, 5;
    %ix/get 0, 73, 5;
    %shiftr/s/i0  41, 32;
    %sub 9, 41, 32;
    %jmp/1  T_4.58, 8;
T_4.56 ; End of true expr.
    %load/v 41, v011EC200_0, 32;
    %load/v 73, v011EC3B8_0, 32;
    %load/v 105, v011EC410_0, 5;
    %ix/get 0, 105, 5;
    %shiftr/s/i0  73, 32;
    %add 41, 73, 32;
    %jmp/0  T_4.57, 8;
 ; End of false expr.
    %blend  9, 41, 32; Condition unknown.
    %jmp  T_4.58;
T_4.57 ;
    %mov 9, 41, 32; Return false value
T_4.58 ;
    %ix/load 0, 32, 0;
    %assign/v0 v011EC200_0, 0, 9;
    %load/v 8, v011EC410_0, 5;
    %mov 13, 12, 1;
    %mov 14, 12, 1;
    %mov 15, 12, 1;
    %mov 16, 12, 1;
    %mov 17, 12, 1;
    %mov 18, 12, 1;
    %mov 19, 12, 1;
    %mov 20, 12, 1;
    %mov 21, 12, 1;
    %mov 22, 12, 1;
    %mov 23, 12, 1;
    %mov 24, 12, 1;
    %mov 25, 12, 1;
    %mov 26, 12, 1;
    %mov 27, 12, 1;
    %mov 28, 12, 1;
    %mov 29, 12, 1;
    %mov 30, 12, 1;
    %mov 31, 12, 1;
    %mov 32, 12, 1;
    %mov 33, 12, 1;
    %mov 34, 12, 1;
    %mov 35, 12, 1;
    %mov 36, 12, 1;
    %mov 37, 12, 1;
    %mov 38, 12, 1;
    %mov 39, 12, 1;
    %addi 8, 1, 32;
    %ix/load 0, 5, 0;
    %assign/v0 v011EC410_0, 0, 8;
    %jmp T_4.50;
T_4.49 ;
    %load/v 8, v011EC410_0, 5;
    %mov 13, 12, 1;
    %cmpi/u 8, 14, 6;
    %jmp/0xz  T_4.61, 4;
    %ix/load 0, 1, 0;
    %assign/v0 v011A92A8_0, 0, 1;
    %load/v 8, v011EC410_0, 5;
    %mov 13, 12, 1;
    %mov 14, 12, 1;
    %mov 15, 12, 1;
    %mov 16, 12, 1;
    %mov 17, 12, 1;
    %mov 18, 12, 1;
    %mov 19, 12, 1;
    %mov 20, 12, 1;
    %mov 21, 12, 1;
    %mov 22, 12, 1;
    %mov 23, 12, 1;
    %mov 24, 12, 1;
    %mov 25, 12, 1;
    %mov 26, 12, 1;
    %mov 27, 12, 1;
    %mov 28, 12, 1;
    %mov 29, 12, 1;
    %mov 30, 12, 1;
    %mov 31, 12, 1;
    %mov 32, 12, 1;
    %mov 33, 12, 1;
    %mov 34, 12, 1;
    %mov 35, 12, 1;
    %mov 36, 12, 1;
    %mov 37, 12, 1;
    %mov 38, 12, 1;
    %mov 39, 12, 1;
    %addi 8, 1, 32;
    %ix/load 0, 5, 0;
    %assign/v0 v011EC410_0, 0, 8;
    %jmp T_4.62;
T_4.61 ;
    %ix/load 0, 1, 0;
    %assign/v0 v011A92A8_0, 0, 0;
    %load/v 8, v011EC410_0, 5;
    %ix/load 0, 5, 0;
    %assign/v0 v011EC410_0, 0, 8;
T_4.62 ;
T_4.50 ;
T_4.36 ;
T_4.22 ;
T_4.10 ;
    %jmp T_4.3;
T_4.2 ;
    %load/v 8, v0119D3D8_0, 1;
    %jmp/0xz  T_4.63, 8;
    %ix/load 0, 1, 0;
    %assign/v0 v011A92A8_0, 0, 0;
    %jmp T_4.64;
T_4.63 ;
    %ix/load 0, 1, 0;
    %assign/v0 v0119D3D8_0, 0, 1;
    %ix/load 0, 1, 0;
    %assign/v0 v011A92A8_0, 0, 1;
T_4.64 ;
T_4.3 ;
T_4.1 ;
    %jmp T_4;
    .thread T_4;
    .scope S_011B1CA8;
T_5 ;
    %wait E_011AEFD8;
    %load/v 8, v011ED568_0, 1;
    %jmp/0xz  T_5.0, 8;
    %ix/load 0, 2, 0;
    %assign/v0 v011EC518_0, 0, 0;
    %ix/load 0, 8, 0;
    %assign/v0 v011EC1A8_0, 0, 0;
    %ix/load 0, 8, 0;
    %assign/v0 v011ED460_0, 0, 0;
    %ix/load 0, 1, 0;
    %assign/v0 v011EC570_0, 0, 0;
    %ix/load 0, 1, 0;
    %assign/v0 v011EC150_0, 0, 0;
    %jmp T_5.1;
T_5.0 ;
    %load/v 8, v011ED5C0_0, 2;
    %ix/load 0, 2, 0;
    %assign/v0 v011EC518_0, 0, 8;
    %load/v 8, v011EC518_0, 2;
    %mov 10, 0, 1;
    %cmpi/u 8, 1, 3;
    %jmp/0xz  T_5.2, 4;
    %load/v 8, v011EC1A8_0, 8;
    %mov 16, 0, 24;
    %addi 8, 1, 32;
    %ix/load 0, 8, 0;
    %assign/v0 v011EC1A8_0, 0, 8;
    %movi 8, 23, 9;
    %load/v 17, v011EC1A8_0, 8;
    %mov 25, 0, 1;
    %cmp/u 8, 17, 9;
    %or 5, 4, 1;
    %jmp/0xz  T_5.4, 5;
    %ix/load 0, 1, 0;
    %assign/v0 v011EC570_0, 0, 1;
T_5.4 ;
    %jmp T_5.3;
T_5.2 ;
    %load/v 8, v011EC518_0, 2;
    %mov 10, 0, 1;
    %cmpi/u 8, 0, 3;
    %jmp/0xz  T_5.6, 4;
    %ix/load 0, 8, 0;
    %assign/v0 v011EC1A8_0, 0, 0;
    %ix/load 0, 1, 0;
    %assign/v0 v011EC570_0, 0, 0;
T_5.6 ;
T_5.3 ;
    %load/v 8, v011EC518_0, 2;
    %mov 10, 0, 1;
    %cmpi/u 8, 2, 3;
    %jmp/0xz  T_5.8, 4;
    %load/v 8, v011ED460_0, 8;
    %mov 16, 0, 24;
    %addi 8, 1, 32;
    %ix/load 0, 8, 0;
    %assign/v0 v011ED460_0, 0, 8;
    %jmp T_5.9;
T_5.8 ;
    %load/v 8, v011EC518_0, 2;
    %mov 10, 0, 1;
    %cmpi/u 8, 0, 3;
    %jmp/0xz  T_5.10, 4;
    %ix/load 0, 8, 0;
    %assign/v0 v011ED460_0, 0, 0;
T_5.10 ;
T_5.9 ;
    %load/v 8, v011EC518_0, 2;
    %mov 10, 0, 1;
    %cmpi/u 8, 3, 3;
    %jmp/0xz  T_5.12, 4;
    %ix/load 0, 1, 0;
    %assign/v0 v011EC150_0, 0, 1;
    %jmp T_5.13;
T_5.12 ;
    %ix/load 0, 1, 0;
    %assign/v0 v011EC150_0, 0, 0;
T_5.13 ;
T_5.1 ;
    %jmp T_5;
    .thread T_5;
    .scope S_011B1CA8;
T_6 ;
    %wait E_011AEF58;
    %set/v v011ED618_0, 0, 1;
    %set/v v011ED6C8_0, 0, 1;
    %load/v 8, v011EC518_0, 2;
    %cmpi/u 8, 0, 2;
    %jmp/1 T_6.0, 6;
    %cmpi/u 8, 1, 2;
    %jmp/1 T_6.1, 6;
    %cmpi/u 8, 2, 2;
    %jmp/1 T_6.2, 6;
    %cmpi/u 8, 3, 2;
    %jmp/1 T_6.3, 6;
    %set/v v011ED5C0_0, 0, 2;
    %jmp T_6.5;
T_6.0 ;
    %set/v v011ED618_0, 1, 1;
    %load/v 8, v011ED3B0_0, 1;
    %jmp/0xz  T_6.6, 8;
    %movi 8, 1, 2;
    %set/v v011ED5C0_0, 8, 2;
    %jmp T_6.7;
T_6.6 ;
    %set/v v011ED5C0_0, 0, 2;
T_6.7 ;
    %jmp T_6.5;
T_6.1 ;
    %set/v v011ED618_0, 0, 1;
    %load/v 8, v011EC570_0, 1;
    %jmp/0xz  T_6.8, 8;
    %movi 8, 2, 2;
    %set/v v011ED5C0_0, 8, 2;
    %jmp T_6.9;
T_6.8 ;
    %movi 8, 1, 2;
    %set/v v011ED5C0_0, 8, 2;
T_6.9 ;
    %jmp T_6.5;
T_6.2 ;
    %load/v 8, v011ED460_0, 8;
    %mov 16, 0, 1;
    %cmpi/u 8, 0, 9;
    %jmp/0xz  T_6.10, 4;
    %set/v v011ED6C8_0, 1, 1;
    %jmp T_6.11;
T_6.10 ;
    %set/v v011ED6C8_0, 0, 1;
T_6.11 ;
    %movi 8, 50, 9;
    %load/v 17, v011ED460_0, 8;
    %mov 25, 0, 1;
    %cmp/u 8, 17, 9;
    %or 5, 4, 1;
    %jmp/0xz  T_6.12, 5;
    %set/v v011ED5C0_0, 1, 2;
    %jmp T_6.13;
T_6.12 ;
    %movi 8, 2, 2;
    %set/v v011ED5C0_0, 8, 2;
T_6.13 ;
    %jmp T_6.5;
T_6.3 ;
    %set/v v011ED5C0_0, 0, 2;
    %jmp T_6.5;
T_6.5 ;
    %jmp T_6;
    .thread T_6, $push;
    .scope S_011B1B10;
T_7 ;
    %delay 5000, 0;
    %load/v 8, v011ECFE8_0, 1;
    %inv 8, 1;
    %set/v v011ECFE8_0, 8, 1;
    %jmp T_7;
    .thread T_7;
    .scope S_011B1B10;
T_8 ;
    %set/v v011ECFE8_0, 0, 1;
    %set/v v011ED1A0_0, 1, 1;
    %set/v v011ECF38_0, 0, 1;
    %set/v v011ECAC0_0, 0, 32;
    %set/v v011ECE88_0, 0, 32;
    %set/v v011ECCD0_0, 0, 32;
    %delay 20000, 0;
    %set/v v011ED1A0_0, 0, 1;
    %delay 10000, 0;
    %movi 8, 25165824, 32;
    %set/v v011ECAC0_0, 8, 32;
    %movi 8, 8388608, 32;
    %set/v v011ECE88_0, 8, 32;
    %movi 8, 12582912, 32;
    %set/v v011ECCD0_0, 8, 32;
    %vpi_call 2 76 "$display", "Test Case 1:";
    %load/v 8, v011ECAC0_0, 32;
    %set/v v011ED4B8_0, 8, 32;
   %fork TD_cordic_combined_tb.to_real, S_011B1290;
   %join;
  %load/wr 4, v011ED510_0;
    %load/v 8, v011ECE88_0, 32;
    %set/v v011ED4B8_0, 8, 32;
   %fork TD_cordic_combined_tb.to_real, S_011B1290;
   %join;
  %load/wr 5, v011ED510_0;
    %load/v 8, v011ECCD0_0, 32;
    %set/v v011ED4B8_0, 8, 32;
   %fork TD_cordic_combined_tb.to_real, S_011B1290;
   %join;
  %load/wr 6, v011ED510_0;
    %vpi_call 2 77 "$display", "x_in = %f, y_in = %f, z_in = %f", W<4,r>, W<5,r>, W<6,r>;
    %set/v v011ECF38_0, 1, 1;
    %delay 10000, 0;
    %set/v v011ECF38_0, 0, 1;
T_8.0 ;
    %load/v 8, v011EC570_0, 1;
    %cmpi/u 8, 1, 1;
    %inv 6, 1;
    %jmp/0xz T_8.1, 6;
    %wait E_011AEF18;
    %jmp T_8.0;
T_8.1 ;
    %delay 10000, 0;
    %load/v 8, v011ED098_0, 32;
    %set/v v011ECE30_0, 8, 32;
    %load/v 8, v011ED148_0, 32;
    %set/v v011ECA68_0, 8, 32;
T_8.2 ;
    %load/v 8, v011EC960_0, 1;
    %cmpi/u 8, 1, 1;
    %inv 6, 1;
    %jmp/0xz T_8.3, 6;
    %wait E_011AEDB8;
    %jmp T_8.2;
T_8.3 ;
    %delay 10000, 0;
    %load/v 8, v011ECE30_0, 32;
    %set/v v011ED4B8_0, 8, 32;
   %fork TD_cordic_combined_tb.to_real, S_011B1290;
   %join;
  %load/wr 4, v011ED510_0;
    %vpi_call 2 97 "$display", "MAC x_out = %f", W<4,r>;
    %load/v 8, v011ECA68_0, 32;
    %set/v v011ED4B8_0, 8, 32;
   %fork TD_cordic_combined_tb.to_real, S_011B1290;
   %join;
  %load/wr 4, v011ED510_0;
    %vpi_call 2 98 "$display", "MAC y_out = %f", W<4,r>;
    %load/v 8, v011ECD28_0, 32;
    %set/v v011ED4B8_0, 8, 32;
   %fork TD_cordic_combined_tb.to_real, S_011B1290;
   %join;
  %load/wr 4, v011ED510_0;
    %vpi_call 2 99 "$display", "tanh_out = %f", W<4,r>;
    %load/v 8, v011ECD28_0, 32;
    %set/v v011ED4B8_0, 8, 32;
   %fork TD_cordic_combined_tb.to_real, S_011B1290;
   %join;
  %load/wr 4, v011ED510_0;
    %vpi_call 2 100 "$display", "tanh(MAC y_out) = %f", W<4,r>;
    %delay 50000, 0;
    %movi 8, 33554432, 32;
    %set/v v011ECAC0_0, 8, 32;
    %movi 8, 4278190080, 32;
    %set/v v011ECE88_0, 8, 32;
    %movi 8, 25165824, 32;
    %set/v v011ECCD0_0, 8, 32;
    %vpi_call 2 112 "$display", "\012Test Case 2:";
    %load/v 8, v011ECAC0_0, 32;
    %set/v v011ED4B8_0, 8, 32;
   %fork TD_cordic_combined_tb.to_real, S_011B1290;
   %join;
  %load/wr 4, v011ED510_0;
    %load/v 8, v011ECE88_0, 32;
    %set/v v011ED4B8_0, 8, 32;
   %fork TD_cordic_combined_tb.to_real, S_011B1290;
   %join;
  %load/wr 5, v011ED510_0;
    %load/v 8, v011ECCD0_0, 32;
    %set/v v011ED4B8_0, 8, 32;
   %fork TD_cordic_combined_tb.to_real, S_011B1290;
   %join;
  %load/wr 6, v011ED510_0;
    %vpi_call 2 113 "$display", "x_in = %f, y_in = %f, z_in = %f", W<4,r>, W<5,r>, W<6,r>;
    %set/v v011ECF38_0, 1, 1;
    %delay 10000, 0;
    %set/v v011ECF38_0, 0, 1;
T_8.4 ;
    %load/v 8, v011EC570_0, 1;
    %cmpi/u 8, 1, 1;
    %inv 6, 1;
    %jmp/0xz T_8.5, 6;
    %wait E_011AEF18;
    %jmp T_8.4;
T_8.5 ;
    %delay 10000, 0;
    %load/v 8, v011ED098_0, 32;
    %set/v v011ECE30_0, 8, 32;
    %load/v 8, v011ED148_0, 32;
    %set/v v011ECA68_0, 8, 32;
T_8.6 ;
    %load/v 8, v011EC960_0, 1;
    %cmpi/u 8, 1, 1;
    %inv 6, 1;
    %jmp/0xz T_8.7, 6;
    %wait E_011AEDB8;
    %jmp T_8.6;
T_8.7 ;
    %delay 10000, 0;
    %load/v 8, v011ECE30_0, 32;
    %set/v v011ED4B8_0, 8, 32;
   %fork TD_cordic_combined_tb.to_real, S_011B1290;
   %join;
  %load/wr 4, v011ED510_0;
    %vpi_call 2 133 "$display", "MAC x_out = %f", W<4,r>;
    %load/v 8, v011ECA68_0, 32;
    %set/v v011ED4B8_0, 8, 32;
   %fork TD_cordic_combined_tb.to_real, S_011B1290;
   %join;
  %load/wr 4, v011ED510_0;
    %vpi_call 2 134 "$display", "MAC y_out = %f", W<4,r>;
    %load/v 8, v011ECD28_0, 32;
    %set/v v011ED4B8_0, 8, 32;
   %fork TD_cordic_combined_tb.to_real, S_011B1290;
   %join;
  %load/wr 4, v011ED510_0;
    %vpi_call 2 135 "$display", "tanh_out = %f", W<4,r>;
    %load/v 8, v011ECD28_0, 32;
    %set/v v011ED4B8_0, 8, 32;
   %fork TD_cordic_combined_tb.to_real, S_011B1290;
   %join;
  %load/wr 4, v011ED510_0;
    %vpi_call 2 136 "$display", "tanh(MAC y_out) = %f", W<4,r>;
    %delay 50000, 0;
    %movi 8, 50331648, 32;
    %set/v v011ECAC0_0, 8, 32;
    %movi 8, 33554432, 32;
    %set/v v011ECE88_0, 8, 32;
    %movi 8, 8388608, 32;
    %set/v v011ECCD0_0, 8, 32;
    %vpi_call 2 148 "$display", "\012Test Case 3:";
    %load/v 8, v011ECAC0_0, 32;
    %set/v v011ED4B8_0, 8, 32;
   %fork TD_cordic_combined_tb.to_real, S_011B1290;
   %join;
  %load/wr 4, v011ED510_0;
    %load/v 8, v011ECE88_0, 32;
    %set/v v011ED4B8_0, 8, 32;
   %fork TD_cordic_combined_tb.to_real, S_011B1290;
   %join;
  %load/wr 5, v011ED510_0;
    %load/v 8, v011ECCD0_0, 32;
    %set/v v011ED4B8_0, 8, 32;
   %fork TD_cordic_combined_tb.to_real, S_011B1290;
   %join;
  %load/wr 6, v011ED510_0;
    %vpi_call 2 149 "$display", "x_in = %f, y_in = %f, z_in = %f", W<4,r>, W<5,r>, W<6,r>;
    %set/v v011ECF38_0, 1, 1;
    %delay 10000, 0;
    %set/v v011ECF38_0, 0, 1;
T_8.8 ;
    %load/v 8, v011EC570_0, 1;
    %cmpi/u 8, 1, 1;
    %inv 6, 1;
    %jmp/0xz T_8.9, 6;
    %wait E_011AEF18;
    %jmp T_8.8;
T_8.9 ;
    %delay 10000, 0;
    %load/v 8, v011ED098_0, 32;
    %set/v v011ECE30_0, 8, 32;
    %load/v 8, v011ED148_0, 32;
    %set/v v011ECA68_0, 8, 32;
T_8.10 ;
    %load/v 8, v011EC960_0, 1;
    %cmpi/u 8, 1, 1;
    %inv 6, 1;
    %jmp/0xz T_8.11, 6;
    %wait E_011AEDB8;
    %jmp T_8.10;
T_8.11 ;
    %delay 10000, 0;
    %load/v 8, v011ECE30_0, 32;
    %set/v v011ED4B8_0, 8, 32;
   %fork TD_cordic_combined_tb.to_real, S_011B1290;
   %join;
  %load/wr 4, v011ED510_0;
    %vpi_call 2 169 "$display", "MAC x_out = %f", W<4,r>;
    %load/v 8, v011ECA68_0, 32;
    %set/v v011ED4B8_0, 8, 32;
   %fork TD_cordic_combined_tb.to_real, S_011B1290;
   %join;
  %load/wr 4, v011ED510_0;
    %vpi_call 2 170 "$display", "MAC y_out = %f", W<4,r>;
    %load/v 8, v011ECD28_0, 32;
    %set/v v011ED4B8_0, 8, 32;
   %fork TD_cordic_combined_tb.to_real, S_011B1290;
   %join;
  %load/wr 4, v011ED510_0;
    %vpi_call 2 171 "$display", "tanh_out = %f", W<4,r>;
    %load/v 8, v011ECD28_0, 32;
    %set/v v011ED4B8_0, 8, 32;
   %fork TD_cordic_combined_tb.to_real, S_011B1290;
   %join;
  %load/wr 4, v011ED510_0;
    %vpi_call 2 172 "$display", "tanh(MAC y_out) = %f", W<4,r>;
    %delay 50000, 0;
    %movi 8, 4261412864, 32;
    %set/v v011ECAC0_0, 8, 32;
    %movi 8, 16777216, 32;
    %set/v v011ECE88_0, 8, 32;
    %movi 8, 33554432, 32;
    %set/v v011ECCD0_0, 8, 32;
    %vpi_call 2 184 "$display", "\012Test Case 4:";
    %load/v 8, v011ECAC0_0, 32;
    %set/v v011ED4B8_0, 8, 32;
   %fork TD_cordic_combined_tb.to_real, S_011B1290;
   %join;
  %load/wr 4, v011ED510_0;
    %load/v 8, v011ECE88_0, 32;
    %set/v v011ED4B8_0, 8, 32;
   %fork TD_cordic_combined_tb.to_real, S_011B1290;
   %join;
  %load/wr 5, v011ED510_0;
    %load/v 8, v011ECCD0_0, 32;
    %set/v v011ED4B8_0, 8, 32;
   %fork TD_cordic_combined_tb.to_real, S_011B1290;
   %join;
  %load/wr 6, v011ED510_0;
    %vpi_call 2 185 "$display", "x_in = %f, y_in = %f, z_in = %f", W<4,r>, W<5,r>, W<6,r>;
    %set/v v011ECF38_0, 1, 1;
    %delay 10000, 0;
    %set/v v011ECF38_0, 0, 1;
T_8.12 ;
    %load/v 8, v011EC570_0, 1;
    %cmpi/u 8, 1, 1;
    %inv 6, 1;
    %jmp/0xz T_8.13, 6;
    %wait E_011AEF18;
    %jmp T_8.12;
T_8.13 ;
    %delay 10000, 0;
    %load/v 8, v011ED098_0, 32;
    %set/v v011ECE30_0, 8, 32;
    %load/v 8, v011ED148_0, 32;
    %set/v v011ECA68_0, 8, 32;
T_8.14 ;
    %load/v 8, v011EC960_0, 1;
    %cmpi/u 8, 1, 1;
    %inv 6, 1;
    %jmp/0xz T_8.15, 6;
    %wait E_011AEDB8;
    %jmp T_8.14;
T_8.15 ;
    %delay 10000, 0;
    %load/v 8, v011ECE30_0, 32;
    %set/v v011ED4B8_0, 8, 32;
   %fork TD_cordic_combined_tb.to_real, S_011B1290;
   %join;
  %load/wr 4, v011ED510_0;
    %vpi_call 2 205 "$display", "MAC x_out = %f", W<4,r>;
    %load/v 8, v011ECA68_0, 32;
    %set/v v011ED4B8_0, 8, 32;
   %fork TD_cordic_combined_tb.to_real, S_011B1290;
   %join;
  %load/wr 4, v011ED510_0;
    %vpi_call 2 206 "$display", "MAC y_out = %f", W<4,r>;
    %load/v 8, v011ECD28_0, 32;
    %set/v v011ED4B8_0, 8, 32;
   %fork TD_cordic_combined_tb.to_real, S_011B1290;
   %join;
  %load/wr 4, v011ED510_0;
    %vpi_call 2 207 "$display", "tanh_out = %f", W<4,r>;
    %load/v 8, v011ECD28_0, 32;
    %set/v v011ED4B8_0, 8, 32;
   %fork TD_cordic_combined_tb.to_real, S_011B1290;
   %join;
  %load/wr 4, v011ED510_0;
    %vpi_call 2 208 "$display", "tanh(MAC y_out) = %f", W<4,r>;
    %delay 100000, 0;
    %vpi_call 2 213 "$finish";
    %end;
    .thread T_8;
    .scope S_011B1B10;
T_9 ;
    %vpi_call 2 218 "$monitor", "Time: %t, State: %d, MAC Complete: %b, Done: %b", $time, v011EC518_0, v011EC570_0, v011EC960_0;
    %end;
    .thread T_9;
# The file index is used to find the file name in the following table.
:file_names 8;
    "N/A";
    "<interactive>";
    ".\cordic_neuron_tb.v";
    ".\cordic_neuron.v";
    ".\cordic_mac.v";
    ".\cordictanh.v";
    ".\atanh_LOOKUP.v";
    ".\cordicdiv.v";
